
Running 72 tests using 1 worker

[1A[2K[1/72] [chromium] ΓÇ║ tests\translator.spec.js:7:5 ΓÇ║ Pos_Fun_0001 ΓÇô Convert singular past tense sentence
[1A[2K[2/72] [chromium] ΓÇ║ tests\translator.spec.js:18:5 ΓÇ║ Pos_Fun_0002 ΓÇô Mixed language informal sentence
[1A[2K[3/72] [chromium] ΓÇ║ tests\translator.spec.js:32:5 ΓÇ║ Pos_Fun_0003 ΓÇô Informal Sinhala question sentence
[1A[2K[4/72] [chromium] ΓÇ║ tests\translator.spec.js:51:5 ΓÇ║ Pos_Fun_0004 ΓÇô Long paragraph cricket match report
[1A[2K[5/72] [chromium] ΓÇ║ tests\translator.spec.js:68:5 ΓÇ║ Pos_Fun_0005 ΓÇô Casual greeting with problem statement
[1A[2K[6/72] [chromium] ΓÇ║ tests\translator.spec.js:82:5 ΓÇ║ Pos_Fun_0006 ΓÇô Informal location question
[1A[2K[7/72] [chromium] ΓÇ║ tests\translator.spec.js:93:5 ΓÇ║ Pos_Fun_0007 ΓÇô Polite request for ID number
[1A[2K[8/72] [chromium] ΓÇ║ tests\translator.spec.js:104:5 ΓÇ║ Pos_Fun_0008 ΓÇô Past tense with quantity
[1A[2K[9/72] [chromium] ΓÇ║ tests\translator.spec.js:115:5 ΓÇ║ Pos_Fun_0009 ΓÇô Institution description with parentheses
[1A[2K[10/72] [chromium] ΓÇ║ tests\translator.spec.js:129:5 ΓÇ║ Pos_Fun_0010 ΓÇô Blessing with spacing
[1A[2K[11/72] [chromium] ΓÇ║ tests\translator.spec.js:140:5 ΓÇ║ Pos_Fun_0011 ΓÇô Historical disaster reference with date
[1A[2K[12/72] [chromium] ΓÇ║ tests\translator.spec.js:154:5 ΓÇ║ Pos_Fun_0012 ΓÇô Casual what question
[1A[2K[13/72] [chromium] ΓÇ║ tests\translator.spec.js:165:5 ΓÇ║ Pos_Fun_0013 ΓÇô Greeting with exclamation marks
[1A[2K[14/72] [chromium] ΓÇ║ tests\translator.spec.js:176:5 ΓÇ║ Pos_Fun_0014 ΓÇô Class schedule announcement
[1A[2K[15/72] [chromium] ΓÇ║ tests\translator.spec.js:190:5 ΓÇ║ Pos_Fun_0015 ΓÇô Question about food
[1A[2K[16/72] [chromium] ΓÇ║ tests\translator.spec.js:201:5 ΓÇ║ Pos_Fun_0016 ΓÇô URL and OTP instruction
[1A[2K[17/72] [chromium] ΓÇ║ tests\translator.spec.js:212:5 ΓÇ║ Pos_Fun_0017 ΓÇô Affirmation capability statement
[1A[2K[18/72] [chromium] ΓÇ║ tests\translator.spec.js:223:5 ΓÇ║ Pos_Fun_0018 ΓÇô Government salary increase announcement
[1A[2K[19/72] [chromium] ΓÇ║ tests\translator.spec.js:237:5 ΓÇ║ Pos_Fun_0019 ΓÇô Math question with fractions
[1A[2K[20/72] [chromium] ΓÇ║ tests\translator.spec.js:248:5 ΓÇ║ Pos_Fun_0020 ΓÇô Negation statement
[1A[2K[21/72] [chromium] ΓÇ║ tests\translator.spec.js:259:5 ΓÇ║ Pos_Fun_0021 ΓÇô Weather forecast with measurement
[1A[2K[22/72] [chromium] ΓÇ║ tests\translator.spec.js:273:5 ΓÇ║ Pos_Fun_0022 ΓÇô Cabinet meeting decisions
[1A[2K[23/72] [chromium] ΓÇ║ tests\translator.spec.js:287:5 ΓÇ║ Pos_Fun_0023 ΓÇô Casual opportunity reference
[1A[2K[24/72] [chromium] ΓÇ║ tests\translator.spec.js:298:5 ΓÇ║ Pos_Fun_0024 ΓÇô Affirmation of correctness
[1A[2K[25/72] [firefox] ΓÇ║ tests\translator.spec.js:7:5 ΓÇ║ Pos_Fun_0001 ΓÇô Convert singular past tense sentence
[1A[2K[26/72] [firefox] ΓÇ║ tests\translator.spec.js:18:5 ΓÇ║ Pos_Fun_0002 ΓÇô Mixed language informal sentence
[1A[2K[27/72] [firefox] ΓÇ║ tests\translator.spec.js:32:5 ΓÇ║ Pos_Fun_0003 ΓÇô Informal Sinhala question sentence
[1A[2K[28/72] [firefox] ΓÇ║ tests\translator.spec.js:51:5 ΓÇ║ Pos_Fun_0004 ΓÇô Long paragraph cricket match report
[1A[2K  1) [firefox] ΓÇ║ tests\translator.spec.js:51:5 ΓÇ║ Pos_Fun_0004 ΓÇô Long paragraph cricket match report 

    [31mTest timeout of 30000ms exceeded.[39m

    Error: locator.pressSequentially: Test timeout of 30000ms exceeded.
    Call log:
    [2m  - waiting for getByRole('textbox')[22m
    [2m    - locator resolved to <textarea placeholder="Input Your Singlish Text Here." class="w-full h-80 resize-y rounded-lg ring-1 ring-slate-300 p-3"></textarea>[22m
    [2m  - elementHandle.type("iiyee dhina navasiilanthaya samaga paevathi dhivaa raathrii ekdhina tharagayeedhii kaasiyee vaasiya dhinaagath shrii lQQkaa kaNdaayama palamuva pandhuvata pahara dhiimata naayaka dhasun shaanaka thiiranaya kara athara ehidhii shriiqqkaa kaNdaayama lakunu 451 k labaa gath athara aarambhaka pithikaru vana paethum nishshQQka aganaa lakunu 210 k labaagaeniimata samath viya. ohugee ema inimata 6yee pahara 10 ksaha 4 pahara 18 k labaagaeniimata samath viya.")[22m


      54 |   const outputBox = page.locator('div.whitespace-pre-wrap').first();
      55 |
    > 56 |   await inputBox.pressSequentially(
         |                  ^
      57 |     'iiyee dhina navasiilanthaya samaga paevathi dhivaa raathrii ekdhina tharagayeedhii kaasiyee vaasiya dhinaagath shrii lQQkaa kaNdaayama palamuva pandhuvata pahara dhiimata naayaka dhasun shaanaka thiiranaya kara athara ehidhii shriiqqkaa kaNdaayama lakunu 451 k labaa gath athara aarambhaka pithikaru vana paethum nishshQQka aganaa lakunu 210 k labaagaeniimata samath viya. ohugee ema inimata 6yee pahara 10 ksaha 4 pahara 18 k labaagaeniimata samath viya.',
      58 |     { delay: 40 }
      59 |   );
        at C:\Users\thiyu\OneDrive\Desktop\New folder\tests\translator.spec.js:56:18

    Error Context: test-results\translator-Pos-Fun-0004-ΓÇô--14acf-agraph-cricket-match-report-firefox\error-context.md


[1A[2K[29/72] [firefox] ΓÇ║ tests\translator.spec.js:68:5 ΓÇ║ Pos_Fun_0005 ΓÇô Casual greeting with problem statement
[1A[2K[30/72] [firefox] ΓÇ║ tests\translator.spec.js:82:5 ΓÇ║ Pos_Fun_0006 ΓÇô Informal location question
[1A[2K[31/72] [firefox] ΓÇ║ tests\translator.spec.js:93:5 ΓÇ║ Pos_Fun_0007 ΓÇô Polite request for ID number
[1A[2K[32/72] [firefox] ΓÇ║ tests\translator.spec.js:104:5 ΓÇ║ Pos_Fun_0008 ΓÇô Past tense with quantity
[1A[2K[33/72] [firefox] ΓÇ║ tests\translator.spec.js:115:5 ΓÇ║ Pos_Fun_0009 ΓÇô Institution description with parentheses
[1A[2K[34/72] [firefox] ΓÇ║ tests\translator.spec.js:129:5 ΓÇ║ Pos_Fun_0010 ΓÇô Blessing with spacing
[1A[2K[35/72] [firefox] ΓÇ║ tests\translator.spec.js:140:5 ΓÇ║ Pos_Fun_0011 ΓÇô Historical disaster reference with date
[1A[2K[36/72] [firefox] ΓÇ║ tests\translator.spec.js:154:5 ΓÇ║ Pos_Fun_0012 ΓÇô Casual what question
[1A[2K[37/72] [firefox] ΓÇ║ tests\translator.spec.js:165:5 ΓÇ║ Pos_Fun_0013 ΓÇô Greeting with exclamation marks
[1A[2K[38/72] [firefox] ΓÇ║ tests\translator.spec.js:176:5 ΓÇ║ Pos_Fun_0014 ΓÇô Class schedule announcement
[1A[2K[39/72] [firefox] ΓÇ║ tests\translator.spec.js:190:5 ΓÇ║ Pos_Fun_0015 ΓÇô Question about food
[1A[2K[40/72] [firefox] ΓÇ║ tests\translator.spec.js:201:5 ΓÇ║ Pos_Fun_0016 ΓÇô URL and OTP instruction
[1A[2K[41/72] [firefox] ΓÇ║ tests\translator.spec.js:212:5 ΓÇ║ Pos_Fun_0017 ΓÇô Affirmation capability statement
[1A[2K[42/72] [firefox] ΓÇ║ tests\translator.spec.js:223:5 ΓÇ║ Pos_Fun_0018 ΓÇô Government salary increase announcement
[1A[2K[43/72] [firefox] ΓÇ║ tests\translator.spec.js:237:5 ΓÇ║ Pos_Fun_0019 ΓÇô Math question with fractions
[1A[2K[44/72] [firefox] ΓÇ║ tests\translator.spec.js:248:5 ΓÇ║ Pos_Fun_0020 ΓÇô Negation statement
[1A[2K[45/72] [firefox] ΓÇ║ tests\translator.spec.js:259:5 ΓÇ║ Pos_Fun_0021 ΓÇô Weather forecast with measurement
[1A[2K[46/72] [firefox] ΓÇ║ tests\translator.spec.js:273:5 ΓÇ║ Pos_Fun_0022 ΓÇô Cabinet meeting decisions
[1A[2K[47/72] [firefox] ΓÇ║ tests\translator.spec.js:287:5 ΓÇ║ Pos_Fun_0023 ΓÇô Casual opportunity reference
[1A[2K[48/72] [firefox] ΓÇ║ tests\translator.spec.js:298:5 ΓÇ║ Pos_Fun_0024 ΓÇô Affirmation of correctness
[1A[2K[49/72] [webkit] ΓÇ║ tests\translator.spec.js:7:5 ΓÇ║ Pos_Fun_0001 ΓÇô Convert singular past tense sentence
[1A[2K[50/72] [webkit] ΓÇ║ tests\translator.spec.js:18:5 ΓÇ║ Pos_Fun_0002 ΓÇô Mixed language informal sentence
[1A[2K[51/72] [webkit] ΓÇ║ tests\translator.spec.js:32:5 ΓÇ║ Pos_Fun_0003 ΓÇô Informal Sinhala question sentence
[1A[2K[52/72] [webkit] ΓÇ║ tests\translator.spec.js:51:5 ΓÇ║ Pos_Fun_0004 ΓÇô Long paragraph cricket match report
[1A[2K  2) [webkit] ΓÇ║ tests\translator.spec.js:51:5 ΓÇ║ Pos_Fun_0004 ΓÇô Long paragraph cricket match report ΓöÇ

    [31mTest timeout of 30000ms exceeded.[39m

    Error: locator.pressSequentially: Test timeout of 30000ms exceeded.
    Call log:
    [2m  - waiting for getByRole('textbox')[22m
    [2m    - locator resolved to <textarea placeholder="Input Your Singlish Text Here." class="w-full h-80 resize-y rounded-lg ring-1 ring-slate-300 p-3"></textarea>[22m
    [2m  - elementHandle.type("iiyee dhina navasiilanthaya samaga paevathi dhivaa raathrii ekdhina tharagayeedhii kaasiyee vaasiya dhinaagath shrii lQQkaa kaNdaayama palamuva pandhuvata pahara dhiimata naayaka dhasun shaanaka thiiranaya kara athara ehidhii shriiqqkaa kaNdaayama lakunu 451 k labaa gath athara aarambhaka pithikaru vana paethum nishshQQka aganaa lakunu 210 k labaagaeniimata samath viya. ohugee ema inimata 6yee pahara 10 ksaha 4 pahara 18 k labaagaeniimata samath viya.")[22m


      54 |   const outputBox = page.locator('div.whitespace-pre-wrap').first();
      55 |
    > 56 |   await inputBox.pressSequentially(
         |                  ^
      57 |     'iiyee dhina navasiilanthaya samaga paevathi dhivaa raathrii ekdhina tharagayeedhii kaasiyee vaasiya dhinaagath shrii lQQkaa kaNdaayama palamuva pandhuvata pahara dhiimata naayaka dhasun shaanaka thiiranaya kara athara ehidhii shriiqqkaa kaNdaayama lakunu 451 k labaa gath athara aarambhaka pithikaru vana paethum nishshQQka aganaa lakunu 210 k labaagaeniimata samath viya. ohugee ema inimata 6yee pahara 10 ksaha 4 pahara 18 k labaagaeniimata samath viya.',
      58 |     { delay: 40 }
      59 |   );
        at C:\Users\thiyu\OneDrive\Desktop\New folder\tests\translator.spec.js:56:18

    Error Context: test-results\translator-Pos-Fun-0004-ΓÇô--14acf-agraph-cricket-match-report-webkit\error-context.md


[1A[2K[53/72] [webkit] ΓÇ║ tests\translator.spec.js:68:5 ΓÇ║ Pos_Fun_0005 ΓÇô Casual greeting with problem statement
[1A[2K[54/72] [webkit] ΓÇ║ tests\translator.spec.js:82:5 ΓÇ║ Pos_Fun_0006 ΓÇô Informal location question
[1A[2K[55/72] [webkit] ΓÇ║ tests\translator.spec.js:93:5 ΓÇ║ Pos_Fun_0007 ΓÇô Polite request for ID number
[1A[2K[56/72] [webkit] ΓÇ║ tests\translator.spec.js:104:5 ΓÇ║ Pos_Fun_0008 ΓÇô Past tense with quantity
[1A[2K[57/72] [webkit] ΓÇ║ tests\translator.spec.js:115:5 ΓÇ║ Pos_Fun_0009 ΓÇô Institution description with parentheses
[1A[2K  3) [webkit] ΓÇ║ tests\translator.spec.js:115:5 ΓÇ║ Pos_Fun_0009 ΓÇô Institution description with parentheses 

    Error: [2mexpect([22m[31mlocator[39m[2m).[22mtoContainText[2m([22m[32mexpected[39m[2m)[22m failed

    Locator: locator('div.whitespace-pre-wrap').first()
    Expected pattern: [32m/[α╢à-α╖å]/[39m
    Received string:  [31m""[39m
    Timeout: 15000ms

    Call log:
    [2m  - Expect "toContainText" with timeout 15000ms[22m
    [2m  - waiting for locator('div.whitespace-pre-wrap').first()[22m
    [2m    18 ├ù locator resolved to <div class="w-full h-80 p-3 rounded-lg ring-1 ring-slate-300 whitespace-pre-wrap overflow-y-auto flex-grow bg-slate-50"></div>[22m
    [2m       - unexpected value ""[22m


      123 |   );
      124 |
    > 125 |   await expect(outputBox).toContainText(/[α╢à-α╖å]/, { timeout: 15000 });
          |                           ^
      126 |   await expect(outputBox).toContainText(/SLIIT|UGC/i);
      127 | });
      128 |
        at C:\Users\thiyu\OneDrive\Desktop\New folder\tests\translator.spec.js:125:27

    Error Context: test-results\translator-Pos-Fun-0009-ΓÇô--70d08-escription-with-parentheses-webkit\error-context.md


[1A[2K[58/72] [webkit] ΓÇ║ tests\translator.spec.js:129:5 ΓÇ║ Pos_Fun_0010 ΓÇô Blessing with spacing
[1A[2K  4) [webkit] ΓÇ║ tests\translator.spec.js:129:5 ΓÇ║ Pos_Fun_0010 ΓÇô Blessing with spacing ΓöÇΓöÇΓöÇΓöÇΓöÇΓöÇΓöÇΓöÇΓöÇΓöÇΓöÇΓöÇΓöÇΓöÇ

    Error: [2mexpect([22m[31mlocator[39m[2m).[22mtoContainText[2m([22m[32mexpected[39m[2m)[22m failed

    Locator: locator('div.whitespace-pre-wrap').first()
    Expected pattern: [32m/[α╢à-α╖å]/[39m
    Received string:  [31m""[39m
    Timeout: 15000ms

    Call log:
    [2m  - Expect "toContainText" with timeout 15000ms[22m
    [2m  - waiting for locator('div.whitespace-pre-wrap').first()[22m
    [2m    18 ├ù locator resolved to <div class="w-full h-80 p-3 rounded-lg ring-1 ring-slate-300 whitespace-pre-wrap overflow-y-auto flex-grow bg-slate-50"></div>[22m
    [2m       - unexpected value ""[22m


      134 |   await inputBox.pressSequentially('dhiirgaayusha       laebeevaa!', { delay: 40 });
      135 |
    > 136 |   await expect(outputBox).toContainText(/[α╢à-α╖å]/, { timeout: 15000 });
          |                           ^
      137 |   await expect(outputBox).toContainText(/α╢»α╖ôα╢╗α╖èα╢£α╖Åα╢║α╖öα╖ü|α╢╜α╖Éα╢╢α╖Üα╖Çα╖Å/i);
      138 | });
      139 |
        at C:\Users\thiyu\OneDrive\Desktop\New folder\tests\translator.spec.js:136:27

    Error Context: test-results\translator-Pos-Fun-0010-ΓÇô-Blessing-with-spacing-webkit\error-context.md


[1A[2K[59/72] [webkit] ΓÇ║ tests\translator.spec.js:140:5 ΓÇ║ Pos_Fun_0011 ΓÇô Historical disaster reference with date
[1A[2K[60/72] [webkit] ΓÇ║ tests\translator.spec.js:154:5 ΓÇ║ Pos_Fun_0012 ΓÇô Casual what question
[1A[2K[61/72] [webkit] ΓÇ║ tests\translator.spec.js:165:5 ΓÇ║ Pos_Fun_0013 ΓÇô Greeting with exclamation marks
[1A[2K[62/72] [webkit] ΓÇ║ tests\translator.spec.js:176:5 ΓÇ║ Pos_Fun_0014 ΓÇô Class schedule announcement
[1A[2K[63/72] [webkit] ΓÇ║ tests\translator.spec.js:190:5 ΓÇ║ Pos_Fun_0015 ΓÇô Question about food
[1A[2K[64/72] [webkit] ΓÇ║ tests\translator.spec.js:201:5 ΓÇ║ Pos_Fun_0016 ΓÇô URL and OTP instruction
[1A[2K[65/72] [webkit] ΓÇ║ tests\translator.spec.js:212:5 ΓÇ║ Pos_Fun_0017 ΓÇô Affirmation capability statement
[1A[2K[66/72] [webkit] ΓÇ║ tests\translator.spec.js:223:5 ΓÇ║ Pos_Fun_0018 ΓÇô Government salary increase announcement
[1A[2K[67/72] [webkit] ΓÇ║ tests\translator.spec.js:237:5 ΓÇ║ Pos_Fun_0019 ΓÇô Math question with fractions
[1A[2K[68/72] [webkit] ΓÇ║ tests\translator.spec.js:248:5 ΓÇ║ Pos_Fun_0020 ΓÇô Negation statement
[1A[2K[69/72] [webkit] ΓÇ║ tests\translator.spec.js:259:5 ΓÇ║ Pos_Fun_0021 ΓÇô Weather forecast with measurement
[1A[2K[70/72] [webkit] ΓÇ║ tests\translator.spec.js:273:5 ΓÇ║ Pos_Fun_0022 ΓÇô Cabinet meeting decisions
[1A[2K[71/72] [webkit] ΓÇ║ tests\translator.spec.js:287:5 ΓÇ║ Pos_Fun_0023 ΓÇô Casual opportunity reference
[1A[2K[72/72] [webkit] ΓÇ║ tests\translator.spec.js:298:5 ΓÇ║ Pos_Fun_0024 ΓÇô Affirmation of correctness
[1A[2K  4 failed
    [firefox] ΓÇ║ tests\translator.spec.js:51:5 ΓÇ║ Pos_Fun_0004 ΓÇô Long paragraph cricket match report ΓöÇ
    [webkit] ΓÇ║ tests\translator.spec.js:51:5 ΓÇ║ Pos_Fun_0004 ΓÇô Long paragraph cricket match report ΓöÇΓöÇ
    [webkit] ΓÇ║ tests\translator.spec.js:115:5 ΓÇ║ Pos_Fun_0009 ΓÇô Institution description with parentheses 
    [webkit] ΓÇ║ tests\translator.spec.js:129:5 ΓÇ║ Pos_Fun_0010 ΓÇô Blessing with spacing ΓöÇΓöÇΓöÇΓöÇΓöÇΓöÇΓöÇΓöÇΓöÇΓöÇΓöÇΓöÇΓöÇΓöÇΓöÇ
  68 passed (10.3m)

[36m  Serving HTML report at http://localhost:9323. Press Ctrl+C to quit.[39m
